
> @workspace/dtf-quote@0.0.0 typecheck C:\Users\Ceska\OneDrive\Escritorio\Programacion\SUPER SISTEMA YAGUAR ESTUDIO\ReplitExport-yaguarestudio\DTF-Optimizer\artifacts\dtf-quote
> tsc -p tsconfig.json --noEmit

src/pages/calculator.tsx(12,26): error TS2307: Cannot find module '@/hooks/use-theme' or its corresponding type declarations.
src/pages/settings.tsx(7,26): error TS2307: Cannot find module '@/hooks/use-theme' or its corresponding type declarations.
C:\Users\Ceska\OneDrive\Escritorio\Programacion\SUPER SISTEMA YAGUAR ESTUDIO\ReplitExport-yaguarestudio\DTF-Optimizer\artifacts\dtf-quote:
ÔÇëERR_PNPM_RECURSIVE_RUN_FIRST_FAILÔÇë @workspace/dtf-quote@0.0.0 typecheck: `tsc -p tsconfig.json --noEmit`
Exit status 2
